// Jest Snapshot v1, https://goo.gl/fbAQLP

exports[`Peforms request Promise rejects with error 1`] = `[Error: Error: Received 500 error message from the server]`;
